// Jest Snapshot v1, https://goo.gl/fbAQLP

exports[`renders properly 1`] = `
initialize {
  "0": Object {
    "attribs": Object {
      "class": "sc-kAzzGY kicOCA",
    },
    "children": Array [
      Object {
        "attribs": Object {
          "class": "sc-chPdSV iFXABX",
          "data-test-id": "left-arrow",
        },
        "children": Array [
          Object {
            "attribs": Object {
              "data-test-id": "undefined-icon-svg",
              "focusable": "false",
              "height": "1em",
              "viewBox": "0 0 32 32",
              "width": "1em",
            },
            "children": Array [
              Object {
                "attribs": Object {
                  "d": "M21.4,6.7 C22.2,7.5 22.2,8.9 21.4,9.8 L15.1,16.1 L21.4,22.4 C22.2,23.2 22.2,24.6 21.4,25.5 C20.6,26.4 19.2,26.3 18.3,25.5 L10.5,17.7 C9.7,16.9 9.7,15.5 10.5,14.6 L18.3,6.8 C19.2,5.8 20.6,5.8 21.4,6.7 Z",
                  "data-test-id": "undefined-icon-path",
                  "fill": "#007DBA",
                  "id": "undefined-data-id",
                },
                "children": Array [],
                "name": "path",
                "namespace": "http://www.w3.org/2000/svg",
                "next": null,
                "parent": [Circular],
                "prev": null,
                "type": "tag",
                "x-attribsNamespace": Object {
                  "d": undefined,
                  "data-test-id": undefined,
                  "fill": undefined,
                  "id": undefined,
                },
                "x-attribsPrefix": Object {
                  "d": undefined,
                  "data-test-id": undefined,
                  "fill": undefined,
                  "id": undefined,
                },
              },
            ],
            "name": "svg",
            "namespace": "http://www.w3.org/2000/svg",
            "next": null,
            "parent": [Circular],
            "prev": null,
            "type": "tag",
            "x-attribsNamespace": Object {
              "data-test-id": undefined,
              "focusable": undefined,
              "height": undefined,
              "viewBox": undefined,
              "width": undefined,
            },
            "x-attribsPrefix": Object {
              "data-test-id": undefined,
              "focusable": undefined,
              "height": undefined,
              "viewBox": undefined,
              "width": undefined,
            },
          },
        ],
        "name": "button",
        "namespace": "http://www.w3.org/1999/xhtml",
        "next": Object {
          "attribs": Object {
            "class": "sc-kGXeez dMpVfW",
            "data-test-id": "navigation-label",
          },
          "children": Array [
            Object {
              "data": "Apr 2019",
              "next": null,
              "parent": [Circular],
              "prev": null,
              "type": "text",
            },
          ],
          "name": "button",
          "namespace": "http://www.w3.org/1999/xhtml",
          "next": Object {
            "attribs": Object {
              "class": "sc-kgoBCf LUuFq",
              "data-test-id": "right-arrow",
            },
            "children": Array [
              Object {
                "attribs": Object {
                  "data-test-id": "undefined-icon-svg",
                  "focusable": "false",
                  "height": "1em",
                  "viewBox": "0 0 32 32",
                  "width": "1em",
                },
                "children": Array [
                  Object {
                    "attribs": Object {
                      "d": "M10.675,25.4380505 C9.775,24.6380505 9.775,23.2380505 10.675,22.3380505 L16.975,16.0380505 L10.675,9.73805052 C9.775,8.93805052 9.775,7.53805052 10.675,6.63805052 C11.575,5.73805052 12.875,5.83805052 13.775,6.63805052 L21.575,14.4380505 C22.475,15.2380505 22.475,16.6380505 21.575,17.5380505 L13.775,25.3380505 C12.975,26.3380505 11.575,26.3380505 10.675,25.4380505 Z",
                      "data-test-id": "undefined-icon-path",
                      "fill": "#007DBA",
                      "id": "undefined-data-id",
                    },
                    "children": Array [],
                    "name": "path",
                    "namespace": "http://www.w3.org/2000/svg",
                    "next": null,
                    "parent": [Circular],
                    "prev": null,
                    "type": "tag",
                    "x-attribsNamespace": Object {
                      "d": undefined,
                      "data-test-id": undefined,
                      "fill": undefined,
                      "id": undefined,
                    },
                    "x-attribsPrefix": Object {
                      "d": undefined,
                      "data-test-id": undefined,
                      "fill": undefined,
                      "id": undefined,
                    },
                  },
                ],
                "name": "svg",
                "namespace": "http://www.w3.org/2000/svg",
                "next": null,
                "parent": [Circular],
                "prev": null,
                "type": "tag",
                "x-attribsNamespace": Object {
                  "data-test-id": undefined,
                  "focusable": undefined,
                  "height": undefined,
                  "viewBox": undefined,
                  "width": undefined,
                },
                "x-attribsPrefix": Object {
                  "data-test-id": undefined,
                  "focusable": undefined,
                  "height": undefined,
                  "viewBox": undefined,
                  "width": undefined,
                },
              },
            ],
            "name": "button",
            "namespace": "http://www.w3.org/1999/xhtml",
            "next": null,
            "parent": [Circular],
            "prev": [Circular],
            "type": "tag",
            "x-attribsNamespace": Object {
              "class": undefined,
              "data-test-id": undefined,
            },
            "x-attribsPrefix": Object {
              "class": undefined,
              "data-test-id": undefined,
            },
          },
          "parent": [Circular],
          "prev": [Circular],
          "type": "tag",
          "x-attribsNamespace": Object {
            "class": undefined,
            "data-test-id": undefined,
          },
          "x-attribsPrefix": Object {
            "class": undefined,
            "data-test-id": undefined,
          },
        },
        "parent": [Circular],
        "prev": null,
        "type": "tag",
        "x-attribsNamespace": Object {
          "class": undefined,
          "data-test-id": undefined,
        },
        "x-attribsPrefix": Object {
          "class": undefined,
          "data-test-id": undefined,
        },
      },
      Object {
        "attribs": Object {
          "class": "sc-kGXeez dMpVfW",
          "data-test-id": "navigation-label",
        },
        "children": Array [
          Object {
            "data": "Apr 2019",
            "next": null,
            "parent": [Circular],
            "prev": null,
            "type": "text",
          },
        ],
        "name": "button",
        "namespace": "http://www.w3.org/1999/xhtml",
        "next": Object {
          "attribs": Object {
            "class": "sc-kgoBCf LUuFq",
            "data-test-id": "right-arrow",
          },
          "children": Array [
            Object {
              "attribs": Object {
                "data-test-id": "undefined-icon-svg",
                "focusable": "false",
                "height": "1em",
                "viewBox": "0 0 32 32",
                "width": "1em",
              },
              "children": Array [
                Object {
                  "attribs": Object {
                    "d": "M10.675,25.4380505 C9.775,24.6380505 9.775,23.2380505 10.675,22.3380505 L16.975,16.0380505 L10.675,9.73805052 C9.775,8.93805052 9.775,7.53805052 10.675,6.63805052 C11.575,5.73805052 12.875,5.83805052 13.775,6.63805052 L21.575,14.4380505 C22.475,15.2380505 22.475,16.6380505 21.575,17.5380505 L13.775,25.3380505 C12.975,26.3380505 11.575,26.3380505 10.675,25.4380505 Z",
                    "data-test-id": "undefined-icon-path",
                    "fill": "#007DBA",
                    "id": "undefined-data-id",
                  },
                  "children": Array [],
                  "name": "path",
                  "namespace": "http://www.w3.org/2000/svg",
                  "next": null,
                  "parent": [Circular],
                  "prev": null,
                  "type": "tag",
                  "x-attribsNamespace": Object {
                    "d": undefined,
                    "data-test-id": undefined,
                    "fill": undefined,
                    "id": undefined,
                  },
                  "x-attribsPrefix": Object {
                    "d": undefined,
                    "data-test-id": undefined,
                    "fill": undefined,
                    "id": undefined,
                  },
                },
              ],
              "name": "svg",
              "namespace": "http://www.w3.org/2000/svg",
              "next": null,
              "parent": [Circular],
              "prev": null,
              "type": "tag",
              "x-attribsNamespace": Object {
                "data-test-id": undefined,
                "focusable": undefined,
                "height": undefined,
                "viewBox": undefined,
                "width": undefined,
              },
              "x-attribsPrefix": Object {
                "data-test-id": undefined,
                "focusable": undefined,
                "height": undefined,
                "viewBox": undefined,
                "width": undefined,
              },
            },
          ],
          "name": "button",
          "namespace": "http://www.w3.org/1999/xhtml",
          "next": null,
          "parent": [Circular],
          "prev": [Circular],
          "type": "tag",
          "x-attribsNamespace": Object {
            "class": undefined,
            "data-test-id": undefined,
          },
          "x-attribsPrefix": Object {
            "class": undefined,
            "data-test-id": undefined,
          },
        },
        "parent": [Circular],
        "prev": Object {
          "attribs": Object {
            "class": "sc-chPdSV iFXABX",
            "data-test-id": "left-arrow",
          },
          "children": Array [
            Object {
              "attribs": Object {
                "data-test-id": "undefined-icon-svg",
                "focusable": "false",
                "height": "1em",
                "viewBox": "0 0 32 32",
                "width": "1em",
              },
              "children": Array [
                Object {
                  "attribs": Object {
                    "d": "M21.4,6.7 C22.2,7.5 22.2,8.9 21.4,9.8 L15.1,16.1 L21.4,22.4 C22.2,23.2 22.2,24.6 21.4,25.5 C20.6,26.4 19.2,26.3 18.3,25.5 L10.5,17.7 C9.7,16.9 9.7,15.5 10.5,14.6 L18.3,6.8 C19.2,5.8 20.6,5.8 21.4,6.7 Z",
                    "data-test-id": "undefined-icon-path",
                    "fill": "#007DBA",
                    "id": "undefined-data-id",
                  },
                  "children": Array [],
                  "name": "path",
                  "namespace": "http://www.w3.org/2000/svg",
                  "next": null,
                  "parent": [Circular],
                  "prev": null,
                  "type": "tag",
                  "x-attribsNamespace": Object {
                    "d": undefined,
                    "data-test-id": undefined,
                    "fill": undefined,
                    "id": undefined,
                  },
                  "x-attribsPrefix": Object {
                    "d": undefined,
                    "data-test-id": undefined,
                    "fill": undefined,
                    "id": undefined,
                  },
                },
              ],
              "name": "svg",
              "namespace": "http://www.w3.org/2000/svg",
              "next": null,
              "parent": [Circular],
              "prev": null,
              "type": "tag",
              "x-attribsNamespace": Object {
                "data-test-id": undefined,
                "focusable": undefined,
                "height": undefined,
                "viewBox": undefined,
                "width": undefined,
              },
              "x-attribsPrefix": Object {
                "data-test-id": undefined,
                "focusable": undefined,
                "height": undefined,
                "viewBox": undefined,
                "width": undefined,
              },
            },
          ],
          "name": "button",
          "namespace": "http://www.w3.org/1999/xhtml",
          "next": [Circular],
          "parent": [Circular],
          "prev": null,
          "type": "tag",
          "x-attribsNamespace": Object {
            "class": undefined,
            "data-test-id": undefined,
          },
          "x-attribsPrefix": Object {
            "class": undefined,
            "data-test-id": undefined,
          },
        },
        "type": "tag",
        "x-attribsNamespace": Object {
          "class": undefined,
          "data-test-id": undefined,
        },
        "x-attribsPrefix": Object {
          "class": undefined,
          "data-test-id": undefined,
        },
      },
      Object {
        "attribs": Object {
          "class": "sc-kgoBCf LUuFq",
          "data-test-id": "right-arrow",
        },
        "children": Array [
          Object {
            "attribs": Object {
              "data-test-id": "undefined-icon-svg",
              "focusable": "false",
              "height": "1em",
              "viewBox": "0 0 32 32",
              "width": "1em",
            },
            "children": Array [
              Object {
                "attribs": Object {
                  "d": "M10.675,25.4380505 C9.775,24.6380505 9.775,23.2380505 10.675,22.3380505 L16.975,16.0380505 L10.675,9.73805052 C9.775,8.93805052 9.775,7.53805052 10.675,6.63805052 C11.575,5.73805052 12.875,5.83805052 13.775,6.63805052 L21.575,14.4380505 C22.475,15.2380505 22.475,16.6380505 21.575,17.5380505 L13.775,25.3380505 C12.975,26.3380505 11.575,26.3380505 10.675,25.4380505 Z",
                  "data-test-id": "undefined-icon-path",
                  "fill": "#007DBA",
                  "id": "undefined-data-id",
                },
                "children": Array [],
                "name": "path",
                "namespace": "http://www.w3.org/2000/svg",
                "next": null,
                "parent": [Circular],
                "prev": null,
                "type": "tag",
                "x-attribsNamespace": Object {
                  "d": undefined,
                  "data-test-id": undefined,
                  "fill": undefined,
                  "id": undefined,
                },
                "x-attribsPrefix": Object {
                  "d": undefined,
                  "data-test-id": undefined,
                  "fill": undefined,
                  "id": undefined,
                },
              },
            ],
            "name": "svg",
            "namespace": "http://www.w3.org/2000/svg",
            "next": null,
            "parent": [Circular],
            "prev": null,
            "type": "tag",
            "x-attribsNamespace": Object {
              "data-test-id": undefined,
              "focusable": undefined,
              "height": undefined,
              "viewBox": undefined,
              "width": undefined,
            },
            "x-attribsPrefix": Object {
              "data-test-id": undefined,
              "focusable": undefined,
              "height": undefined,
              "viewBox": undefined,
              "width": undefined,
            },
          },
        ],
        "name": "button",
        "namespace": "http://www.w3.org/1999/xhtml",
        "next": null,
        "parent": [Circular],
        "prev": Object {
          "attribs": Object {
            "class": "sc-kGXeez dMpVfW",
            "data-test-id": "navigation-label",
          },
          "children": Array [
            Object {
              "data": "Apr 2019",
              "next": null,
              "parent": [Circular],
              "prev": null,
              "type": "text",
            },
          ],
          "name": "button",
          "namespace": "http://www.w3.org/1999/xhtml",
          "next": [Circular],
          "parent": [Circular],
          "prev": Object {
            "attribs": Object {
              "class": "sc-chPdSV iFXABX",
              "data-test-id": "left-arrow",
            },
            "children": Array [
              Object {
                "attribs": Object {
                  "data-test-id": "undefined-icon-svg",
                  "focusable": "false",
                  "height": "1em",
                  "viewBox": "0 0 32 32",
                  "width": "1em",
                },
                "children": Array [
                  Object {
                    "attribs": Object {
                      "d": "M21.4,6.7 C22.2,7.5 22.2,8.9 21.4,9.8 L15.1,16.1 L21.4,22.4 C22.2,23.2 22.2,24.6 21.4,25.5 C20.6,26.4 19.2,26.3 18.3,25.5 L10.5,17.7 C9.7,16.9 9.7,15.5 10.5,14.6 L18.3,6.8 C19.2,5.8 20.6,5.8 21.4,6.7 Z",
                      "data-test-id": "undefined-icon-path",
                      "fill": "#007DBA",
                      "id": "undefined-data-id",
                    },
                    "children": Array [],
                    "name": "path",
                    "namespace": "http://www.w3.org/2000/svg",
                    "next": null,
                    "parent": [Circular],
                    "prev": null,
                    "type": "tag",
                    "x-attribsNamespace": Object {
                      "d": undefined,
                      "data-test-id": undefined,
                      "fill": undefined,
                      "id": undefined,
                    },
                    "x-attribsPrefix": Object {
                      "d": undefined,
                      "data-test-id": undefined,
                      "fill": undefined,
                      "id": undefined,
                    },
                  },
                ],
                "name": "svg",
                "namespace": "http://www.w3.org/2000/svg",
                "next": null,
                "parent": [Circular],
                "prev": null,
                "type": "tag",
                "x-attribsNamespace": Object {
                  "data-test-id": undefined,
                  "focusable": undefined,
                  "height": undefined,
                  "viewBox": undefined,
                  "width": undefined,
                },
                "x-attribsPrefix": Object {
                  "data-test-id": undefined,
                  "focusable": undefined,
                  "height": undefined,
                  "viewBox": undefined,
                  "width": undefined,
                },
              },
            ],
            "name": "button",
            "namespace": "http://www.w3.org/1999/xhtml",
            "next": [Circular],
            "parent": [Circular],
            "prev": null,
            "type": "tag",
            "x-attribsNamespace": Object {
              "class": undefined,
              "data-test-id": undefined,
            },
            "x-attribsPrefix": Object {
              "class": undefined,
              "data-test-id": undefined,
            },
          },
          "type": "tag",
          "x-attribsNamespace": Object {
            "class": undefined,
            "data-test-id": undefined,
          },
          "x-attribsPrefix": Object {
            "class": undefined,
            "data-test-id": undefined,
          },
        },
        "type": "tag",
        "x-attribsNamespace": Object {
          "class": undefined,
          "data-test-id": undefined,
        },
        "x-attribsPrefix": Object {
          "class": undefined,
          "data-test-id": undefined,
        },
      },
    ],
    "name": "div",
    "namespace": "http://www.w3.org/1999/xhtml",
    "next": null,
    "parent": null,
    "prev": null,
    "root": Object {
      "attribs": Object {},
      "children": Array [
        [Circular],
      ],
      "name": "root",
      "namespace": "http://www.w3.org/1999/xhtml",
      "next": null,
      "parent": null,
      "prev": null,
      "type": "root",
      "x-attribsNamespace": Object {},
      "x-attribsPrefix": Object {},
    },
    "type": "tag",
    "x-attribsNamespace": Object {
      "class": undefined,
    },
    "x-attribsPrefix": Object {
      "class": undefined,
    },
  },
  "_root": [Circular],
  "length": 1,
  "options": Object {
    "decodeEntities": true,
    "normalizeWhitespace": false,
    "withDomLvl1": true,
    "xml": false,
  },
}
`;
